MO clk_signal_sch NULL clk_signal_sch.vf vlg68/clk__signal__sch.bin 1520023010
MO reg_sch_MUSER_mem_bootstrap_sch NULL mem_bootstrap_sch.vf vlg3A/reg__sch___m_u_s_e_r__mem__bootstrap__sch.bin 1520023010
MO NOR16_MXILINX_bin_to_7seghex_sch NULL bin_to_7seghex_sch.vf vlg63/_n_o_r16___m_x_i_l_i_n_x__bin__to__7seghex__sch.bin 1520023010
MO ha8_sch_MUSER_toy_sch NULL toy_sch.vf vlg29/ha8__sch___m_u_s_e_r__toy__sch.bin 1520023010
MO alu_sch NULL alu_sch.vf vlg5F/alu__sch.bin 1520023010
MO bin_to_7seghex_sch NULL bin_to_7seghex_sch.vf vlg02/bin__to__7seghex__sch.bin 1520023010
MO reg_sch_MUSER_toy_sch NULL toy_sch.vf vlg5E/reg__sch___m_u_s_e_r__toy__sch.bin 1520023010
MO ha8_sch NULL ha8_sch.vf vlg6A/ha8__sch.bin 1520023010
MO ha8_sch_MUSER_mem_bootstrap_sch NULL mem_bootstrap_sch.vf vlg2D/ha8__sch___m_u_s_e_r__mem__bootstrap__sch.bin 1520023010
MO mux8sch_MUSER_counter_sch NULL counter_sch.vf vlg17/mux8sch___m_u_s_e_r__counter__sch.bin 1520023010
MO toZERO_sch_MUSER_Datapath_sch NULL Datapath_sch.vf vlg16/to_z_e_r_o__sch___m_u_s_e_r___datapath__sch.bin 1520023010
MO ha_sch_MUSER_ha8_sch NULL ha8_sch.vf vlg2A/ha__sch___m_u_s_e_r__ha8__sch.bin 1520023010
MO fa_sch NULL fa_sch.vf vlg64/fa__sch.bin 1520023010
MO toZERO_sch_MUSER_toy_sch NULL toy_sch.vf vlg0F/to_z_e_r_o__sch___m_u_s_e_r__toy__sch.bin 1520023010
MO RAM_array_MUSER_mem_bootstrap_sch NULL mem_bootstrap_sch.vf vlg1D/_r_a_m__array___m_u_s_e_r__mem__bootstrap__sch.bin 1520023010
MO encode8 NULL encode8.vf vlg2E/encode8.bin 1520023010
MO bus8_mux_MUSER_mem_bootstrap_sch NULL mem_bootstrap_sch.vf vlg0A/bus8__mux___m_u_s_e_r__mem__bootstrap__sch.bin 1520023010
MO mux_MUSER_mux8sch NULL mux8sch.vf vlg08/mux___m_u_s_e_r__mux8sch.bin 1520023010
MO toyProcessor_overall NULL toyProcessor_overall.vf vlg74/toy_processor__overall.bin 1520023010
MO enoutput8_sch_MUSER_bus8_mux NULL bus8_mux.vf vlg4A/enoutput8__sch___m_u_s_e_r__bus8__mux.bin 1520023010
MO counter_sch NULL counter_sch.vf vlg05/counter__sch.bin 1520023010
MO mux_MUSER_toy_sch NULL toy_sch.vf vlg05/mux___m_u_s_e_r__toy__sch.bin 1520023010
MO counter_sch_MUSER_mem_bootstrap_sch NULL mem_bootstrap_sch.vf vlg28/counter__sch___m_u_s_e_r__mem__bootstrap__sch.bin 1520023010
MO mux_MUSER_Datapath_sch NULL Datapath_sch.vf vlg04/mux___m_u_s_e_r___datapath__sch.bin 1520023010
MO ROM_array_MUSER_mem_bootstrap_sch NULL mem_bootstrap_sch.vf vlg53/_r_o_m__array___m_u_s_e_r__mem__bootstrap__sch.bin 1520023010
MO clk_signal_sch_MUSER_BypassClk NULL BypassClk.vf vlg22/clk__signal__sch___m_u_s_e_r___bypass_clk.bin 1520023010
MO reg_sch_MUSER_Datapath_sch NULL Datapath_sch.vf vlg71/reg__sch___m_u_s_e_r___datapath__sch.bin 1520023010
MO OR8_MXILINX_RAM_array NULL RAM_array.vf vlg4A/_o_r8___m_x_i_l_i_n_x___r_a_m__array.bin 1520023010
MO fa_sch_MUSER_toy_sch NULL toy_sch.vf vlg33/fa__sch___m_u_s_e_r__toy__sch.bin 1520023010
MO BypassClk NULL BypassClk.vf vlg48/_bypass_clk.bin 1520023010
MO encode8_MUSER_bus8_mux NULL bus8_mux.vf vlg47/encode8___m_u_s_e_r__bus8__mux.bin 1520023010
MO fa_sch_MUSER_Datapath_sch NULL Datapath_sch.vf vlg0A/fa__sch___m_u_s_e_r___datapath__sch.bin 1520023010
MO RAM_array NULL RAM_array.vf vlg5A/_r_a_m__array.bin 1520023010
MO NOR8_MXILINX_toy_sch NULL toy_sch.vf vlg73/_n_o_r8___m_x_i_l_i_n_x__toy__sch.bin 1520023010
MO FTCE_MXILINX_seven_seg_control_sch NULL seven_seg_controller/seven_seg_control_sch.vf vlg4D/_f_t_c_e___m_x_i_l_i_n_x__seven__seg__control__sch.bin 1520023010
MO seven_seg_control_sch NULL seven_seg_controller/seven_seg_control_sch.vf vlg68/seven__seg__control__sch.bin 1520023010
MO OR8_MXILINX_mem_bootstrap_sch NULL mem_bootstrap_sch.vf vlg41/_o_r8___m_x_i_l_i_n_x__mem__bootstrap__sch.bin 1520023010
MO mux_MUSER_counter_sch NULL counter_sch.vf vlg1D/mux___m_u_s_e_r__counter__sch.bin 1520023010
MO mux4_sch NULL seven_seg_controller/mux4_sch.vf vlg07/mux4__sch.bin 1520023010
MO OR8_MXILINX_ROM_array NULL ROM_array.vf vlg40/_o_r8___m_x_i_l_i_n_x___r_o_m__array.bin 1520023010
MO toZERO_sch NULL toZERO_sch.vf vlg60/to_z_e_r_o__sch.bin 1520023010
MO enoutput8_sch_MUSER_RAM_array NULL RAM_array.vf vlg09/enoutput8__sch___m_u_s_e_r___r_a_m__array.bin 1520023010
MO ha8_sch_MUSER_counter_sch NULL counter_sch.vf vlg01/ha8__sch___m_u_s_e_r__counter__sch.bin 1520023010
MO Datapath_sch NULL Datapath_sch.vf vlg0C/_datapath__sch.bin 1520023010
MO bus8_mux NULL bus8_mux.vf vlg27/bus8__mux.bin 1520023010
MO ROM_array NULL ROM_array.vf vlg50/_r_o_m__array.bin 1520023010
MO controller_sch NULL controller_sch.vf vlg09/controller__sch.bin 1520023010
MO ha_sch NULL ha_sch.vf vlg4E/ha__sch.bin 1520023010
MO enoutput8_sch_MUSER_ROM_array NULL ROM_array.vf vlg7F/enoutput8__sch___m_u_s_e_r___r_o_m__array.bin 1520023010
MO alu_sch_MUSER_toy_sch NULL toy_sch.vf vlg26/alu__sch___m_u_s_e_r__toy__sch.bin 1520023010
MO enoutput8_sch_MUSER_mem_bootstrap_sch NULL mem_bootstrap_sch.vf vlg20/enoutput8__sch___m_u_s_e_r__mem__bootstrap__sch.bin 1520023010
MO encode8_MUSER_mem_bootstrap_sch NULL mem_bootstrap_sch.vf vlg71/encode8___m_u_s_e_r__mem__bootstrap__sch.bin 1520023010
MO counter_sch_MUSER_Datapath_sch NULL Datapath_sch.vf vlg67/counter__sch___m_u_s_e_r___datapath__sch.bin 1520023010
MO reg_sch_MUSER_counter_sch NULL counter_sch.vf vlg66/reg__sch___m_u_s_e_r__counter__sch.bin 1520023010
MO fa_sch_MUSER_alu_sch NULL alu_sch.vf vlg25/fa__sch___m_u_s_e_r__alu__sch.bin 1520023010
MO ha8_sch_MUSER_Datapath_sch NULL Datapath_sch.vf vlg78/ha8__sch___m_u_s_e_r___datapath__sch.bin 1520023010
MO mux_MUSER_mem_bootstrap_sch NULL mem_bootstrap_sch.vf vlg29/mux___m_u_s_e_r__mem__bootstrap__sch.bin 1520023010
MO mux8sch_MUSER_mem_bootstrap_sch NULL mem_bootstrap_sch.vf vlg73/mux8sch___m_u_s_e_r__mem__bootstrap__sch.bin 1520023010
MO D2_4E_MXILINX_seven_seg_control_sch NULL seven_seg_controller/seven_seg_control_sch.vf vlg15/_d2__4_e___m_x_i_l_i_n_x__seven__seg__control__sch.bin 1520023010
MO reg_sch NULL reg_sch.vf vlg57/reg__sch.bin 1520023010
MO NOR8_MXILINX_Datapath_sch NULL Datapath_sch.vf vlg4A/_n_o_r8___m_x_i_l_i_n_x___datapath__sch.bin 1520023010
MO control NULL control.v vlg61/control.bin 1520023010
MO OR8_MXILINX_bus8_mux NULL bus8_mux.vf vlg57/_o_r8___m_x_i_l_i_n_x__bus8__mux.bin 1520023010
MO enoutput8_sch NULL enoutput8_sch.vf vlg7D/enoutput8__sch.bin 1520023010
MO mux NULL mux.vf vlg66/mux.bin 1520023010
MO mux8sch NULL mux8sch.vf vlg70/mux8sch.bin 1520023010
MO counter_sch_MUSER_toy_sch NULL toy_sch.vf vlg3C/counter__sch___m_u_s_e_r__toy__sch.bin 1520023010
MO BypassClk_MUSER_toyProcessor_overall NULL toyProcessor_overall.vf vlg06/_bypass_clk___m_u_s_e_r__toy_processor__overall.bin 1520023010
MO mem_bootstrap_sch NULL mem_bootstrap_sch.vf vlg51/mem__bootstrap__sch.bin 1520023010
MO bus8_mux_MUSER_RAM_array NULL RAM_array.vf vlg33/bus8__mux___m_u_s_e_r___r_a_m__array.bin 1520023010
MO controller_sch_MUSER_toy_sch NULL toy_sch.vf vlg60/controller__sch___m_u_s_e_r__toy__sch.bin 1520023010
MO ha_sch_MUSER_mem_bootstrap_sch NULL mem_bootstrap_sch.vf vlg11/ha__sch___m_u_s_e_r__mem__bootstrap__sch.bin 1520023010
MO alu_sch_MUSER_Datapath_sch NULL Datapath_sch.vf vlg59/alu__sch___m_u_s_e_r___datapath__sch.bin 1520023010
MO encode8_MUSER_RAM_array NULL RAM_array.vf vlg7A/encode8___m_u_s_e_r___r_a_m__array.bin 1520023010
MO toy_sch NULL toy_sch.vf vlg6D/toy__sch.bin 1520023010
MO mux4_7bit_sch NULL seven_seg_controller/mux4_7bit_sch.vf vlg3C/mux4__7bit__sch.bin 1520023010
MO ha_sch_MUSER_Datapath_sch NULL Datapath_sch.vf vlg4C/ha__sch___m_u_s_e_r___datapath__sch.bin 1520023010
MO NOR8_MXILINX_toZERO_sch NULL toZERO_sch.vf vlg4E/_n_o_r8___m_x_i_l_i_n_x__to_z_e_r_o__sch.bin 1520023010
MO ha_sch_MUSER_toy_sch NULL toy_sch.vf vlg2D/ha__sch___m_u_s_e_r__toy__sch.bin 1520023010
MO clk_signal_sch_MUSER_toyProcessor_overall NULL toyProcessor_overall.vf vlg26/clk__signal__sch___m_u_s_e_r__toy_processor__overall.bin 1520023010
MO bus8_mux_MUSER_ROM_array NULL ROM_array.vf vlg29/bus8__mux___m_u_s_e_r___r_o_m__array.bin 1520023010
MO mux8sch_MUSER_toy_sch NULL toy_sch.vf vlg1F/mux8sch___m_u_s_e_r__toy__sch.bin 1520023010
MO CB16CE_MXILINX_seven_seg_control_sch NULL seven_seg_controller/seven_seg_control_sch.vf vlg6F/_c_b16_c_e___m_x_i_l_i_n_x__seven__seg__control__sch.bin 1520023010
MO encode8_MUSER_ROM_array NULL ROM_array.vf vlg70/encode8___m_u_s_e_r___r_o_m__array.bin 1520023010
MO mux8sch_MUSER_Datapath_sch NULL Datapath_sch.vf vlg66/mux8sch___m_u_s_e_r___datapath__sch.bin 1520023010
MO Datapath_sch_MUSER_toy_sch NULL toy_sch.vf vlg1B/_datapath__sch___m_u_s_e_r__toy__sch.bin 1520023010
MO ha_sch_MUSER_counter_sch NULL counter_sch.vf vlg45/ha__sch___m_u_s_e_r__counter__sch.bin 1520023010
