MO logic_ext_MUSER_alu4bit_sch NULL alu4bit_sch.vf vlg62/logic__ext___m_u_s_e_r__alu4bit__sch.bin 1516396378
MO Seven_Segment_Display NULL bin_to_7seghex_sch.v vlg40/_seven___segment___display.bin 1516396377
MO CB16CE_MXILINX_alu4bit_board_sch NULL alu4bit_board_sch.vf vlg0C/_c_b16_c_e___m_x_i_l_i_n_x__alu4bit__board__sch.bin 1516396378
MO alu4bit_board_sch NULL alu4bit_board_sch.vf vlg15/alu4bit__board__sch.bin 1516396378
MO fa_sch NULL fa_sch.vf vlg64/fa__sch.bin 1516396377
MO alu4bit_sch_MUSER_alu4bit_board_sch NULL alu4bit_board_sch.vf vlg4D/alu4bit__sch___m_u_s_e_r__alu4bit__board__sch.bin 1516396378
MO mux_MUSER_mux8sch NULL mux8sch.vf vlg08/mux___m_u_s_e_r__mux8sch.bin 1515778889
MO mux4_7bit_sch_MUSER_seven_seg_control_sch NULL seven_seg_control_sch.vf vlg76/mux4__7bit__sch___m_u_s_e_r__seven__seg__control__sch.bin 1516396378
MO FTCE_MXILINX_alu4bit_board_sch NULL alu4bit_board_sch.vf vlg4A/_f_t_c_e___m_x_i_l_i_n_x__alu4bit__board__sch.bin 1516396378
MO fa_sch_MUSER_alu4bit_board_sch NULL alu4bit_board_sch.vf vlg2B/fa__sch___m_u_s_e_r__alu4bit__board__sch.bin 1516396378
MO logic_ext_MUSER_alu4bit_board_sch NULL alu4bit_board_sch.vf vlg11/logic__ext___m_u_s_e_r__alu4bit__board__sch.bin 1516396378
MO arith_ext_MUSER_alu4bit_board_sch NULL alu4bit_board_sch.vf vlg3B/arith__ext___m_u_s_e_r__alu4bit__board__sch.bin 1516396378
MO FTCE_MXILINX_seven_seg_control_sch NULL seven_seg_control_sch.vf vlg4D/_f_t_c_e___m_x_i_l_i_n_x__seven__seg__control__sch.bin 1516396378
MO seven_seg_control_sch NULL seven_seg_control_sch.vf vlg68/seven__seg__control__sch.bin 1516396378
MO mux4_sch NULL mux4_sch.vf vlg07/mux4__sch.bin 1516396377
MO mux4_7bit_sch_MUSER_alu4bit_board_sch NULL alu4bit_board_sch.vf vlg03/mux4__7bit__sch___m_u_s_e_r__alu4bit__board__sch.bin 1516396378
MO D2_4E_MXILINX_alu4bit_board_sch NULL alu4bit_board_sch.vf vlg12/_d2__4_e___m_x_i_l_i_n_x__alu4bit__board__sch.bin 1516396378
MO seven_seg_control_sch_MUSER_alu4bit_board_sch NULL alu4bit_board_sch.vf vlg2F/seven__seg__control__sch___m_u_s_e_r__alu4bit__board__sch.bin 1516396378
MO fa_sch_MUSER_alu4bit_sch NULL alu4bit_sch.vf vlg2C/fa__sch___m_u_s_e_r__alu4bit__sch.bin 1516396378
MO alu4bit_sch NULL alu4bit_sch.vf vlg46/alu4bit__sch.bin 1516396378
MO mux4_sch_MUSER_alu4bit_board_sch NULL alu4bit_board_sch.vf vlg2E/mux4__sch___m_u_s_e_r__alu4bit__board__sch.bin 1516396378
MO D2_4E_MXILINX_seven_seg_control_sch NULL seven_seg_control_sch.vf vlg15/_d2__4_e___m_x_i_l_i_n_x__seven__seg__control__sch.bin 1516396378
MO arith_ext_MUSER_alu4bit_sch NULL alu4bit_sch.vf vlg3C/arith__ext___m_u_s_e_r__alu4bit__sch.bin 1516396378
MO mux4_sch_MUSER_mux4_7bit_sch NULL mux4_7bit_sch.vf vlg65/mux4__sch___m_u_s_e_r__mux4__7bit__sch.bin 1516396377
MO mux NULL mux.vf vlg66/mux.bin 1515778889
MO mux8sch NULL mux8sch.vf vlg70/mux8sch.bin 1515778889
MO arith_ext NULL arith_ext.vf vlg74/arith__ext.bin 1516396377
MO logic_ext NULL logic_ext.vf vlg0A/logic__ext.bin 1516396377
MO mux4_7bit_sch NULL mux4_7bit_sch.vf vlg3C/mux4__7bit__sch.bin 1516396377
MO mux4_sch_MUSER_seven_seg_control_sch NULL seven_seg_control_sch.vf vlg71/mux4__sch___m_u_s_e_r__seven__seg__control__sch.bin 1516396378
MO CB16CE_MXILINX_seven_seg_control_sch NULL seven_seg_control_sch.vf vlg6F/_c_b16_c_e___m_x_i_l_i_n_x__seven__seg__control__sch.bin 1516396378
